Traceback (most recent call last):
  File "/Users/gyanprakash09/Developer/DE/backend/venv/lib/python3.11/site-packages/sqlalchemy/engine/base.py", line 1970, in _exec_single_context
    self.dialect.do_execute(
  File "/Users/gyanprakash09/Developer/DE/backend/venv/lib/python3.11/site-packages/sqlalchemy/engine/default.py", line 924, in do_execute
    cursor.execute(statement, parameters)
psycopg2.errors.InvalidTextRepresentation: invalid input syntax for type uuid: "invalid-uuid"
LINE 3: WHERE listings.id = 'invalid-uuid'::UUID 
                            ^


The above exception was the direct cause of the following exception:

Traceback (most recent call last):
  File "/Users/gyanprakash09/Developer/DE/backend/venv/lib/python3.11/site-packages/starlette/middleware/errors.py", line 164, in __call__
    await self.app(scope, receive, _send)
  File "/Users/gyanprakash09/Developer/DE/backend/venv/lib/python3.11/site-packages/starlette/middleware/cors.py", line 83, in __call__
    await self.app(scope, receive, send)
  File "/Users/gyanprakash09/Developer/DE/backend/venv/lib/python3.11/site-packages/starlette/middleware/exceptions.py", line 62, in __call__
    await wrap_app_handling_exceptions(self.app, conn)(scope, receive, send)
  File "/Users/gyanprakash09/Developer/DE/backend/venv/lib/python3.11/site-packages/starlette/_exception_handler.py", line 64, in wrapped_app
    raise exc
  File "/Users/gyanprakash09/Developer/DE/backend/venv/lib/python3.11/site-packages/starlette/_exception_handler.py", line 53, in wrapped_app
    await app(scope, receive, sender)
  File "/Users/gyanprakash09/Developer/DE/backend/venv/lib/python3.11/site-packages/starlette/routing.py", line 758, in __call__
    await self.middleware_stack(scope, receive, send)
  File "/Users/gyanprakash09/Developer/DE/backend/venv/lib/python3.11/site-packages/starlette/routing.py", line 778, in app
    await route.handle(scope, receive, send)
  File "/Users/gyanprakash09/Developer/DE/backend/venv/lib/python3.11/site-packages/starlette/routing.py", line 299, in handle
    await self.app(scope, receive, send)
  File "/Users/gyanprakash09/Developer/DE/backend/venv/lib/python3.11/site-packages/starlette/routing.py", line 79, in app
    await wrap_app_handling_exceptions(app, request)(scope, receive, send)
  File "/Users/gyanprakash09/Developer/DE/backend/venv/lib/python3.11/site-packages/starlette/_exception_handler.py", line 64, in wrapped_app
    raise exc
  File "/Users/gyanprakash09/Developer/DE/backend/venv/lib/python3.11/site-packages/starlette/_exception_handler.py", line 53, in wrapped_app
    await app(scope, receive, sender)
  File "/Users/gyanprakash09/Developer/DE/backend/venv/lib/python3.11/site-packages/starlette/routing.py", line 74, in app
    response = await func(request)
               ^^^^^^^^^^^^^^^^^^^
  File "/Users/gyanprakash09/Developer/DE/backend/venv/lib/python3.11/site-packages/fastapi/routing.py", line 278, in app
    raw_response = await run_endpoint_function(
                   ^^^^^^^^^^^^^^^^^^^^^^^^^^^^
  File "/Users/gyanprakash09/Developer/DE/backend/venv/lib/python3.11/site-packages/fastapi/routing.py", line 193, in run_endpoint_function
    return await run_in_threadpool(dependant.call, **values)
           ^^^^^^^^^^^^^^^^^^^^^^^^^^^^^^^^^^^^^^^^^^^^^^^^^
  File "/Users/gyanprakash09/Developer/DE/backend/venv/lib/python3.11/site-packages/starlette/concurrency.py", line 42, in run_in_threadpool
    return await anyio.to_thread.run_sync(func, *args)
           ^^^^^^^^^^^^^^^^^^^^^^^^^^^^^^^^^^^^^^^^^^^
  File "/Users/gyanprakash09/Developer/DE/backend/venv/lib/python3.11/site-packages/anyio/to_thread.py", line 63, in run_sync
    return await get_async_backend().run_sync_in_worker_thread(
           ^^^^^^^^^^^^^^^^^^^^^^^^^^^^^^^^^^^^^^^^^^^^^^^^^^^^
  File "/Users/gyanprakash09/Developer/DE/backend/venv/lib/python3.11/site-packages/anyio/_backends/_asyncio.py", line 2518, in run_sync_in_worker_thread
    return await future
           ^^^^^^^^^^^^
  File "/Users/gyanprakash09/Developer/DE/backend/venv/lib/python3.11/site-packages/anyio/_backends/_asyncio.py", line 1002, in run
    result = context.run(func, *args)
             ^^^^^^^^^^^^^^^^^^^^^^^^
  File "/Users/gyanprakash09/Developer/DE/backend/routers/listings.py", line 204, in get_listing
    listing = db.query(Listing).filter(Listing.id == listing_id).first()
              ^^^^^^^^^^^^^^^^^^^^^^^^^^^^^^^^^^^^^^^^^^^^^^^^^^^^^^^^^^
  File "/Users/gyanprakash09/Developer/DE/backend/venv/lib/python3.11/site-packages/sqlalchemy/orm/query.py", line 2728, in first
    return self.limit(1)._iter().first()  # type: ignore
           ^^^^^^^^^^^^^^^^^^^^^
  File "/Users/gyanprakash09/Developer/DE/backend/venv/lib/python3.11/site-packages/sqlalchemy/orm/query.py", line 2827, in _iter
    result: Union[ScalarResult[_T], Result[_T]] = self.session.execute(
                                                  ^^^^^^^^^^^^^^^^^^^^^
  File "/Users/gyanprakash09/Developer/DE/backend/venv/lib/python3.11/site-packages/sqlalchemy/orm/session.py", line 2306, in execute
    return self._execute_internal(
           ^^^^^^^^^^^^^^^^^^^^^^^
  File "/Users/gyanprakash09/Developer/DE/backend/venv/lib/python3.11/site-packages/sqlalchemy/orm/session.py", line 2191, in _execute_internal
    result: Result[Any] = compile_state_cls.orm_execute_statement(
                          ^^^^^^^^^^^^^^^^^^^^^^^^^^^^^^^^^^^^^^^^
  File "/Users/gyanprakash09/Developer/DE/backend/venv/lib/python3.11/site-packages/sqlalchemy/orm/context.py", line 293, in orm_execute_statement
    result = conn.execute(
             ^^^^^^^^^^^^^
  File "/Users/gyanprakash09/Developer/DE/backend/venv/lib/python3.11/site-packages/sqlalchemy/engine/base.py", line 1421, in execute
    return meth(
           ^^^^^
  File "/Users/gyanprakash09/Developer/DE/backend/venv/lib/python3.11/site-packages/sqlalchemy/sql/elements.py", line 514, in _execute_on_connection
    return connection._execute_clauseelement(
           ^^^^^^^^^^^^^^^^^^^^^^^^^^^^^^^^^^
  File "/Users/gyanprakash09/Developer/DE/backend/venv/lib/python3.11/site-packages/sqlalchemy/engine/base.py", line 1643, in _execute_clauseelement
    ret = self._execute_context(
          ^^^^^^^^^^^^^^^^^^^^^^
  File "/Users/gyanprakash09/Developer/DE/backend/venv/lib/python3.11/site-packages/sqlalchemy/engine/base.py", line 1849, in _execute_context
    return self._exec_single_context(
           ^^^^^^^^^^^^^^^^^^^^^^^^^^
  File "/Users/gyanprakash09/Developer/DE/backend/venv/lib/python3.11/site-packages/sqlalchemy/engine/base.py", line 1989, in _exec_single_context
    self._handle_dbapi_exception(
  File "/Users/gyanprakash09/Developer/DE/backend/venv/lib/python3.11/site-packages/sqlalchemy/engine/base.py", line 2356, in _handle_dbapi_exception
    raise sqlalchemy_exception.with_traceback(exc_info[2]) from e
  File "/Users/gyanprakash09/Developer/DE/backend/venv/lib/python3.11/site-packages/sqlalchemy/engine/base.py", line 1970, in _exec_single_context
    self.dialect.do_execute(
  File "/Users/gyanprakash09/Developer/DE/backend/venv/lib/python3.11/site-packages/sqlalchemy/engine/default.py", line 924, in do_execute
    cursor.execute(statement, parameters)
sqlalchemy.exc.DataError: (psycopg2.errors.InvalidTextRepresentation) invalid input syntax for type uuid: "invalid-uuid"
LINE 3: WHERE listings.id = 'invalid-uuid'::UUID 
                            ^

[SQL: SELECT listings.id AS listings_id, listings.client_id AS listings_client_id, listings.title AS listings_title, listings.description AS listings_description, listings.price AS listings_price, listings.property_type AS listings_property_type, listings.bedrooms AS listings_bedrooms, listings.bathrooms AS listings_bathrooms, listings.area_sqft AS listings_area_sqft, listings.address AS listings_address, listings.city AS listings_city, listings.state AS listings_state, listings.zip_code AS listings_zip_code, listings.latitude AS listings_latitude, listings.longitude AS listings_longitude, listings.images AS listings_images, listings.amenities AS listings_amenities, listings.status AS listings_status, listings.price_per_sqft AS listings_price_per_sqft, listings.neighborhood_score AS listings_neighborhood_score, listings.view_count AS listings_view_count, listings.inquiry_count AS listings_inquiry_count, listings.fingerprint AS listings_fingerprint, listings.deduped_at AS listings_deduped_at, listings.stale_flagged AS listings_stale_flagged, listings.stale_flagged_at AS listings_stale_flagged_at, listings.raw_listing_id AS listings_raw_listing_id, listings.created_at AS listings_created_at, listings.updated_at AS listings_updated_at 
FROM listings 
WHERE listings.id = %(id_1)s::UUID 
 LIMIT %(param_1)s]
[parameters: {'id_1': 'invalid-uuid', 'param_1': 1}]
(Background on this error at: https://sqlalche.me/e/20/9h9h)

--- POST http://localhost:8000/chat/accept-inquiry/1ca48300-87f4-41e0-9e57-42e4e7620f46 ---
Traceback (most recent call last):
  File "/Users/gyanprakash09/Developer/DE/backend/venv/lib/python3.11/site-packages/sqlalchemy/engine/base.py", line 1970, in _exec_single_context
    self.dialect.do_execute(
  File "/Users/gyanprakash09/Developer/DE/backend/venv/lib/python3.11/site-packages/sqlalchemy/engine/default.py", line 924, in do_execute
    cursor.execute(statement, parameters)
psycopg2.errors.InvalidTextRepresentation: invalid input value for enum inquiry_status: "accepted"
LINE 1: UPDATE inquiries SET status='accepted', updated_at=now() WHE...
                                    ^


The above exception was the direct cause of the following exception:

Traceback (most recent call last):
  File "/Users/gyanprakash09/Developer/DE/backend/venv/lib/python3.11/site-packages/starlette/middleware/errors.py", line 164, in __call__
    await self.app(scope, receive, _send)
  File "/Users/gyanprakash09/Developer/DE/backend/venv/lib/python3.11/site-packages/starlette/middleware/cors.py", line 91, in __call__
    await self.simple_response(scope, receive, send, request_headers=headers)
  File "/Users/gyanprakash09/Developer/DE/backend/venv/lib/python3.11/site-packages/starlette/middleware/cors.py", line 146, in simple_response
    await self.app(scope, receive, send)
  File "/Users/gyanprakash09/Developer/DE/backend/venv/lib/python3.11/site-packages/starlette/middleware/exceptions.py", line 62, in __call__
    await wrap_app_handling_exceptions(self.app, conn)(scope, receive, send)
  File "/Users/gyanprakash09/Developer/DE/backend/venv/lib/python3.11/site-packages/starlette/_exception_handler.py", line 64, in wrapped_app
    raise exc
  File "/Users/gyanprakash09/Developer/DE/backend/venv/lib/python3.11/site-packages/starlette/_exception_handler.py", line 53, in wrapped_app
    await app(scope, receive, sender)
  File "/Users/gyanprakash09/Developer/DE/backend/venv/lib/python3.11/site-packages/starlette/routing.py", line 758, in __call__
    await self.middleware_stack(scope, receive, send)
  File "/Users/gyanprakash09/Developer/DE/backend/venv/lib/python3.11/site-packages/starlette/routing.py", line 778, in app
    await route.handle(scope, receive, send)
  File "/Users/gyanprakash09/Developer/DE/backend/venv/lib/python3.11/site-packages/starlette/routing.py", line 299, in handle
    await self.app(scope, receive, send)
  File "/Users/gyanprakash09/Developer/DE/backend/venv/lib/python3.11/site-packages/starlette/routing.py", line 79, in app
    await wrap_app_handling_exceptions(app, request)(scope, receive, send)
  File "/Users/gyanprakash09/Developer/DE/backend/venv/lib/python3.11/site-packages/starlette/_exception_handler.py", line 64, in wrapped_app
    raise exc
  File "/Users/gyanprakash09/Developer/DE/backend/venv/lib/python3.11/site-packages/starlette/_exception_handler.py", line 53, in wrapped_app
    await app(scope, receive, sender)
  File "/Users/gyanprakash09/Developer/DE/backend/venv/lib/python3.11/site-packages/starlette/routing.py", line 74, in app
    response = await func(request)
               ^^^^^^^^^^^^^^^^^^^
  File "/Users/gyanprakash09/Developer/DE/backend/venv/lib/python3.11/site-packages/fastapi/routing.py", line 278, in app
    raw_response = await run_endpoint_function(
                   ^^^^^^^^^^^^^^^^^^^^^^^^^^^^
  File "/Users/gyanprakash09/Developer/DE/backend/venv/lib/python3.11/site-packages/fastapi/routing.py", line 193, in run_endpoint_function
    return await run_in_threadpool(dependant.call, **values)
           ^^^^^^^^^^^^^^^^^^^^^^^^^^^^^^^^^^^^^^^^^^^^^^^^^
  File "/Users/gyanprakash09/Developer/DE/backend/venv/lib/python3.11/site-packages/starlette/concurrency.py", line 42, in run_in_threadpool
    return await anyio.to_thread.run_sync(func, *args)
           ^^^^^^^^^^^^^^^^^^^^^^^^^^^^^^^^^^^^^^^^^^^
  File "/Users/gyanprakash09/Developer/DE/backend/venv/lib/python3.11/site-packages/anyio/to_thread.py", line 63, in run_sync
    return await get_async_backend().run_sync_in_worker_thread(
           ^^^^^^^^^^^^^^^^^^^^^^^^^^^^^^^^^^^^^^^^^^^^^^^^^^^^
  File "/Users/gyanprakash09/Developer/DE/backend/venv/lib/python3.11/site-packages/anyio/_backends/_asyncio.py", line 2518, in run_sync_in_worker_thread
    return await future
           ^^^^^^^^^^^^
  File "/Users/gyanprakash09/Developer/DE/backend/venv/lib/python3.11/site-packages/anyio/_backends/_asyncio.py", line 1002, in run
    result = context.run(func, *args)
             ^^^^^^^^^^^^^^^^^^^^^^^^
  File "/Users/gyanprakash09/Developer/DE/backend/routers/chat.py", line 80, in accept_inquiry_and_start_chat
    db.commit()
  File "/Users/gyanprakash09/Developer/DE/backend/venv/lib/python3.11/site-packages/sqlalchemy/orm/session.py", line 1972, in commit
    trans.commit(_to_root=True)
  File "<string>", line 2, in commit
  File "/Users/gyanprakash09/Developer/DE/backend/venv/lib/python3.11/site-packages/sqlalchemy/orm/state_changes.py", line 139, in _go
    ret_value = fn(self, *arg, **kw)
                ^^^^^^^^^^^^^^^^^^^^
  File "/Users/gyanprakash09/Developer/DE/backend/venv/lib/python3.11/site-packages/sqlalchemy/orm/session.py", line 1257, in commit
    self._prepare_impl()
  File "<string>", line 2, in _prepare_impl
  File "/Users/gyanprakash09/Developer/DE/backend/venv/lib/python3.11/site-packages/sqlalchemy/orm/state_changes.py", line 139, in _go
    ret_value = fn(self, *arg, **kw)
                ^^^^^^^^^^^^^^^^^^^^
  File "/Users/gyanprakash09/Developer/DE/backend/venv/lib/python3.11/site-packages/sqlalchemy/orm/session.py", line 1232, in _prepare_impl
    self.session.flush()
  File "/Users/gyanprakash09/Developer/DE/backend/venv/lib/python3.11/site-packages/sqlalchemy/orm/session.py", line 4296, in flush
    self._flush(objects)
  File "/Users/gyanprakash09/Developer/DE/backend/venv/lib/python3.11/site-packages/sqlalchemy/orm/session.py", line 4431, in _flush
    with util.safe_reraise():
  File "/Users/gyanprakash09/Developer/DE/backend/venv/lib/python3.11/site-packages/sqlalchemy/util/langhelpers.py", line 146, in __exit__
    raise exc_value.with_traceback(exc_tb)
  File "/Users/gyanprakash09/Developer/DE/backend/venv/lib/python3.11/site-packages/sqlalchemy/orm/session.py", line 4392, in _flush
    flush_context.execute()
  File "/Users/gyanprakash09/Developer/DE/backend/venv/lib/python3.11/site-packages/sqlalchemy/orm/unitofwork.py", line 466, in execute
    rec.execute(self)
  File "/Users/gyanprakash09/Developer/DE/backend/venv/lib/python3.11/site-packages/sqlalchemy/orm/unitofwork.py", line 642, in execute
    util.preloaded.orm_persistence.save_obj(
  File "/Users/gyanprakash09/Developer/DE/backend/venv/lib/python3.11/site-packages/sqlalchemy/orm/persistence.py", line 85, in save_obj
    _emit_update_statements(
  File "/Users/gyanprakash09/Developer/DE/backend/venv/lib/python3.11/site-packages/sqlalchemy/orm/persistence.py", line 912, in _emit_update_statements
    c = connection.execute(
        ^^^^^^^^^^^^^^^^^^^
  File "/Users/gyanprakash09/Developer/DE/backend/venv/lib/python3.11/site-packages/sqlalchemy/engine/base.py", line 1421, in execute
    return meth(
           ^^^^^
  File "/Users/gyanprakash09/Developer/DE/backend/venv/lib/python3.11/site-packages/sqlalchemy/sql/elements.py", line 514, in _execute_on_connection
    return connection._execute_clauseelement(
           ^^^^^^^^^^^^^^^^^^^^^^^^^^^^^^^^^^
  File "/Users/gyanprakash09/Developer/DE/backend/venv/lib/python3.11/site-packages/sqlalchemy/engine/base.py", line 1643, in _execute_clauseelement
    ret = self._execute_context(
          ^^^^^^^^^^^^^^^^^^^^^^
  File "/Users/gyanprakash09/Developer/DE/backend/venv/lib/python3.11/site-packages/sqlalchemy/engine/base.py", line 1849, in _execute_context
    return self._exec_single_context(
           ^^^^^^^^^^^^^^^^^^^^^^^^^^
  File "/Users/gyanprakash09/Developer/DE/backend/venv/lib/python3.11/site-packages/sqlalchemy/engine/base.py", line 1989, in _exec_single_context
    self._handle_dbapi_exception(
  File "/Users/gyanprakash09/Developer/DE/backend/venv/lib/python3.11/site-packages/sqlalchemy/engine/base.py", line 2356, in _handle_dbapi_exception
    raise sqlalchemy_exception.with_traceback(exc_info[2]) from e
  File "/Users/gyanprakash09/Developer/DE/backend/venv/lib/python3.11/site-packages/sqlalchemy/engine/base.py", line 1970, in _exec_single_context
    self.dialect.do_execute(
  File "/Users/gyanprakash09/Developer/DE/backend/venv/lib/python3.11/site-packages/sqlalchemy/engine/default.py", line 924, in do_execute
    cursor.execute(statement, parameters)
sqlalchemy.exc.DataError: (psycopg2.errors.InvalidTextRepresentation) invalid input value for enum inquiry_status: "accepted"
LINE 1: UPDATE inquiries SET status='accepted', updated_at=now() WHE...
                                    ^

[SQL: UPDATE inquiries SET status=%(status)s, updated_at=now() WHERE inquiries.id = %(inquiries_id)s::UUID]
[parameters: {'status': 'accepted', 'inquiries_id': UUID('1ca48300-87f4-41e0-9e57-42e4e7620f46')}]
(Background on this error at: https://sqlalche.me/e/20/9h9h)

--- POST http://localhost:8000/chat/accept-inquiry/1ca48300-87f4-41e0-9e57-42e4e7620f46 ---
Traceback (most recent call last):
  File "/Users/gyanprakash09/Developer/DE/backend/venv/lib/python3.11/site-packages/sqlalchemy/engine/base.py", line 1970, in _exec_single_context
    self.dialect.do_execute(
  File "/Users/gyanprakash09/Developer/DE/backend/venv/lib/python3.11/site-packages/sqlalchemy/engine/default.py", line 924, in do_execute
    cursor.execute(statement, parameters)
psycopg2.errors.InvalidTextRepresentation: invalid input value for enum inquiry_status: "accepted"
LINE 1: UPDATE inquiries SET status='accepted', updated_at=now() WHE...
                                    ^


The above exception was the direct cause of the following exception:

Traceback (most recent call last):
  File "/Users/gyanprakash09/Developer/DE/backend/venv/lib/python3.11/site-packages/starlette/middleware/errors.py", line 164, in __call__
    await self.app(scope, receive, _send)
  File "/Users/gyanprakash09/Developer/DE/backend/venv/lib/python3.11/site-packages/starlette/middleware/cors.py", line 91, in __call__
    await self.simple_response(scope, receive, send, request_headers=headers)
  File "/Users/gyanprakash09/Developer/DE/backend/venv/lib/python3.11/site-packages/starlette/middleware/cors.py", line 146, in simple_response
    await self.app(scope, receive, send)
  File "/Users/gyanprakash09/Developer/DE/backend/venv/lib/python3.11/site-packages/starlette/middleware/exceptions.py", line 62, in __call__
    await wrap_app_handling_exceptions(self.app, conn)(scope, receive, send)
  File "/Users/gyanprakash09/Developer/DE/backend/venv/lib/python3.11/site-packages/starlette/_exception_handler.py", line 64, in wrapped_app
    raise exc
  File "/Users/gyanprakash09/Developer/DE/backend/venv/lib/python3.11/site-packages/starlette/_exception_handler.py", line 53, in wrapped_app
    await app(scope, receive, sender)
  File "/Users/gyanprakash09/Developer/DE/backend/venv/lib/python3.11/site-packages/starlette/routing.py", line 758, in __call__
    await self.middleware_stack(scope, receive, send)
  File "/Users/gyanprakash09/Developer/DE/backend/venv/lib/python3.11/site-packages/starlette/routing.py", line 778, in app
    await route.handle(scope, receive, send)
  File "/Users/gyanprakash09/Developer/DE/backend/venv/lib/python3.11/site-packages/starlette/routing.py", line 299, in handle
    await self.app(scope, receive, send)
  File "/Users/gyanprakash09/Developer/DE/backend/venv/lib/python3.11/site-packages/starlette/routing.py", line 79, in app
    await wrap_app_handling_exceptions(app, request)(scope, receive, send)
  File "/Users/gyanprakash09/Developer/DE/backend/venv/lib/python3.11/site-packages/starlette/_exception_handler.py", line 64, in wrapped_app
    raise exc
  File "/Users/gyanprakash09/Developer/DE/backend/venv/lib/python3.11/site-packages/starlette/_exception_handler.py", line 53, in wrapped_app
    await app(scope, receive, sender)
  File "/Users/gyanprakash09/Developer/DE/backend/venv/lib/python3.11/site-packages/starlette/routing.py", line 74, in app
    response = await func(request)
               ^^^^^^^^^^^^^^^^^^^
  File "/Users/gyanprakash09/Developer/DE/backend/venv/lib/python3.11/site-packages/fastapi/routing.py", line 278, in app
    raw_response = await run_endpoint_function(
                   ^^^^^^^^^^^^^^^^^^^^^^^^^^^^
  File "/Users/gyanprakash09/Developer/DE/backend/venv/lib/python3.11/site-packages/fastapi/routing.py", line 193, in run_endpoint_function
    return await run_in_threadpool(dependant.call, **values)
           ^^^^^^^^^^^^^^^^^^^^^^^^^^^^^^^^^^^^^^^^^^^^^^^^^
  File "/Users/gyanprakash09/Developer/DE/backend/venv/lib/python3.11/site-packages/starlette/concurrency.py", line 42, in run_in_threadpool
    return await anyio.to_thread.run_sync(func, *args)
           ^^^^^^^^^^^^^^^^^^^^^^^^^^^^^^^^^^^^^^^^^^^
  File "/Users/gyanprakash09/Developer/DE/backend/venv/lib/python3.11/site-packages/anyio/to_thread.py", line 63, in run_sync
    return await get_async_backend().run_sync_in_worker_thread(
           ^^^^^^^^^^^^^^^^^^^^^^^^^^^^^^^^^^^^^^^^^^^^^^^^^^^^
  File "/Users/gyanprakash09/Developer/DE/backend/venv/lib/python3.11/site-packages/anyio/_backends/_asyncio.py", line 2518, in run_sync_in_worker_thread
    return await future
           ^^^^^^^^^^^^
  File "/Users/gyanprakash09/Developer/DE/backend/venv/lib/python3.11/site-packages/anyio/_backends/_asyncio.py", line 1002, in run
    result = context.run(func, *args)
             ^^^^^^^^^^^^^^^^^^^^^^^^
  File "/Users/gyanprakash09/Developer/DE/backend/routers/chat.py", line 80, in accept_inquiry_and_start_chat
    db.commit()
  File "/Users/gyanprakash09/Developer/DE/backend/venv/lib/python3.11/site-packages/sqlalchemy/orm/session.py", line 1972, in commit
    trans.commit(_to_root=True)
  File "<string>", line 2, in commit
  File "/Users/gyanprakash09/Developer/DE/backend/venv/lib/python3.11/site-packages/sqlalchemy/orm/state_changes.py", line 139, in _go
    ret_value = fn(self, *arg, **kw)
                ^^^^^^^^^^^^^^^^^^^^
  File "/Users/gyanprakash09/Developer/DE/backend/venv/lib/python3.11/site-packages/sqlalchemy/orm/session.py", line 1257, in commit
    self._prepare_impl()
  File "<string>", line 2, in _prepare_impl
  File "/Users/gyanprakash09/Developer/DE/backend/venv/lib/python3.11/site-packages/sqlalchemy/orm/state_changes.py", line 139, in _go
    ret_value = fn(self, *arg, **kw)
                ^^^^^^^^^^^^^^^^^^^^
  File "/Users/gyanprakash09/Developer/DE/backend/venv/lib/python3.11/site-packages/sqlalchemy/orm/session.py", line 1232, in _prepare_impl
    self.session.flush()
  File "/Users/gyanprakash09/Developer/DE/backend/venv/lib/python3.11/site-packages/sqlalchemy/orm/session.py", line 4296, in flush
    self._flush(objects)
  File "/Users/gyanprakash09/Developer/DE/backend/venv/lib/python3.11/site-packages/sqlalchemy/orm/session.py", line 4431, in _flush
    with util.safe_reraise():
  File "/Users/gyanprakash09/Developer/DE/backend/venv/lib/python3.11/site-packages/sqlalchemy/util/langhelpers.py", line 146, in __exit__
    raise exc_value.with_traceback(exc_tb)
  File "/Users/gyanprakash09/Developer/DE/backend/venv/lib/python3.11/site-packages/sqlalchemy/orm/session.py", line 4392, in _flush
    flush_context.execute()
  File "/Users/gyanprakash09/Developer/DE/backend/venv/lib/python3.11/site-packages/sqlalchemy/orm/unitofwork.py", line 466, in execute
    rec.execute(self)
  File "/Users/gyanprakash09/Developer/DE/backend/venv/lib/python3.11/site-packages/sqlalchemy/orm/unitofwork.py", line 642, in execute
    util.preloaded.orm_persistence.save_obj(
  File "/Users/gyanprakash09/Developer/DE/backend/venv/lib/python3.11/site-packages/sqlalchemy/orm/persistence.py", line 85, in save_obj
    _emit_update_statements(
  File "/Users/gyanprakash09/Developer/DE/backend/venv/lib/python3.11/site-packages/sqlalchemy/orm/persistence.py", line 912, in _emit_update_statements
    c = connection.execute(
        ^^^^^^^^^^^^^^^^^^^
  File "/Users/gyanprakash09/Developer/DE/backend/venv/lib/python3.11/site-packages/sqlalchemy/engine/base.py", line 1421, in execute
    return meth(
           ^^^^^
  File "/Users/gyanprakash09/Developer/DE/backend/venv/lib/python3.11/site-packages/sqlalchemy/sql/elements.py", line 514, in _execute_on_connection
    return connection._execute_clauseelement(
           ^^^^^^^^^^^^^^^^^^^^^^^^^^^^^^^^^^
  File "/Users/gyanprakash09/Developer/DE/backend/venv/lib/python3.11/site-packages/sqlalchemy/engine/base.py", line 1643, in _execute_clauseelement
    ret = self._execute_context(
          ^^^^^^^^^^^^^^^^^^^^^^
  File "/Users/gyanprakash09/Developer/DE/backend/venv/lib/python3.11/site-packages/sqlalchemy/engine/base.py", line 1849, in _execute_context
    return self._exec_single_context(
           ^^^^^^^^^^^^^^^^^^^^^^^^^^
  File "/Users/gyanprakash09/Developer/DE/backend/venv/lib/python3.11/site-packages/sqlalchemy/engine/base.py", line 1989, in _exec_single_context
    self._handle_dbapi_exception(
  File "/Users/gyanprakash09/Developer/DE/backend/venv/lib/python3.11/site-packages/sqlalchemy/engine/base.py", line 2356, in _handle_dbapi_exception
    raise sqlalchemy_exception.with_traceback(exc_info[2]) from e
  File "/Users/gyanprakash09/Developer/DE/backend/venv/lib/python3.11/site-packages/sqlalchemy/engine/base.py", line 1970, in _exec_single_context
    self.dialect.do_execute(
  File "/Users/gyanprakash09/Developer/DE/backend/venv/lib/python3.11/site-packages/sqlalchemy/engine/default.py", line 924, in do_execute
    cursor.execute(statement, parameters)
sqlalchemy.exc.DataError: (psycopg2.errors.InvalidTextRepresentation) invalid input value for enum inquiry_status: "accepted"
LINE 1: UPDATE inquiries SET status='accepted', updated_at=now() WHE...
                                    ^

[SQL: UPDATE inquiries SET status=%(status)s, updated_at=now() WHERE inquiries.id = %(inquiries_id)s::UUID]
[parameters: {'status': 'accepted', 'inquiries_id': UUID('1ca48300-87f4-41e0-9e57-42e4e7620f46')}]
(Background on this error at: https://sqlalche.me/e/20/9h9h)

--- POST http://localhost:8000/chat/accept-inquiry/1ca48300-87f4-41e0-9e57-42e4e7620f46 ---
Traceback (most recent call last):
  File "/Users/gyanprakash09/Developer/DE/backend/venv/lib/python3.11/site-packages/sqlalchemy/engine/base.py", line 1970, in _exec_single_context
    self.dialect.do_execute(
  File "/Users/gyanprakash09/Developer/DE/backend/venv/lib/python3.11/site-packages/sqlalchemy/engine/default.py", line 924, in do_execute
    cursor.execute(statement, parameters)
psycopg2.errors.InvalidTextRepresentation: invalid input value for enum inquiry_status: "accepted"
LINE 1: UPDATE inquiries SET status='accepted', updated_at=now() WHE...
                                    ^


The above exception was the direct cause of the following exception:

Traceback (most recent call last):
  File "/Users/gyanprakash09/Developer/DE/backend/venv/lib/python3.11/site-packages/starlette/middleware/errors.py", line 164, in __call__
    await self.app(scope, receive, _send)
  File "/Users/gyanprakash09/Developer/DE/backend/venv/lib/python3.11/site-packages/starlette/middleware/cors.py", line 91, in __call__
    await self.simple_response(scope, receive, send, request_headers=headers)
  File "/Users/gyanprakash09/Developer/DE/backend/venv/lib/python3.11/site-packages/starlette/middleware/cors.py", line 146, in simple_response
    await self.app(scope, receive, send)
  File "/Users/gyanprakash09/Developer/DE/backend/venv/lib/python3.11/site-packages/starlette/middleware/exceptions.py", line 62, in __call__
    await wrap_app_handling_exceptions(self.app, conn)(scope, receive, send)
  File "/Users/gyanprakash09/Developer/DE/backend/venv/lib/python3.11/site-packages/starlette/_exception_handler.py", line 64, in wrapped_app
    raise exc
  File "/Users/gyanprakash09/Developer/DE/backend/venv/lib/python3.11/site-packages/starlette/_exception_handler.py", line 53, in wrapped_app
    await app(scope, receive, sender)
  File "/Users/gyanprakash09/Developer/DE/backend/venv/lib/python3.11/site-packages/starlette/routing.py", line 758, in __call__
    await self.middleware_stack(scope, receive, send)
  File "/Users/gyanprakash09/Developer/DE/backend/venv/lib/python3.11/site-packages/starlette/routing.py", line 778, in app
    await route.handle(scope, receive, send)
  File "/Users/gyanprakash09/Developer/DE/backend/venv/lib/python3.11/site-packages/starlette/routing.py", line 299, in handle
    await self.app(scope, receive, send)
  File "/Users/gyanprakash09/Developer/DE/backend/venv/lib/python3.11/site-packages/starlette/routing.py", line 79, in app
    await wrap_app_handling_exceptions(app, request)(scope, receive, send)
  File "/Users/gyanprakash09/Developer/DE/backend/venv/lib/python3.11/site-packages/starlette/_exception_handler.py", line 64, in wrapped_app
    raise exc
  File "/Users/gyanprakash09/Developer/DE/backend/venv/lib/python3.11/site-packages/starlette/_exception_handler.py", line 53, in wrapped_app
    await app(scope, receive, sender)
  File "/Users/gyanprakash09/Developer/DE/backend/venv/lib/python3.11/site-packages/starlette/routing.py", line 74, in app
    response = await func(request)
               ^^^^^^^^^^^^^^^^^^^
  File "/Users/gyanprakash09/Developer/DE/backend/venv/lib/python3.11/site-packages/fastapi/routing.py", line 278, in app
    raw_response = await run_endpoint_function(
                   ^^^^^^^^^^^^^^^^^^^^^^^^^^^^
  File "/Users/gyanprakash09/Developer/DE/backend/venv/lib/python3.11/site-packages/fastapi/routing.py", line 193, in run_endpoint_function
    return await run_in_threadpool(dependant.call, **values)
           ^^^^^^^^^^^^^^^^^^^^^^^^^^^^^^^^^^^^^^^^^^^^^^^^^
  File "/Users/gyanprakash09/Developer/DE/backend/venv/lib/python3.11/site-packages/starlette/concurrency.py", line 42, in run_in_threadpool
    return await anyio.to_thread.run_sync(func, *args)
           ^^^^^^^^^^^^^^^^^^^^^^^^^^^^^^^^^^^^^^^^^^^
  File "/Users/gyanprakash09/Developer/DE/backend/venv/lib/python3.11/site-packages/anyio/to_thread.py", line 63, in run_sync
    return await get_async_backend().run_sync_in_worker_thread(
           ^^^^^^^^^^^^^^^^^^^^^^^^^^^^^^^^^^^^^^^^^^^^^^^^^^^^
  File "/Users/gyanprakash09/Developer/DE/backend/venv/lib/python3.11/site-packages/anyio/_backends/_asyncio.py", line 2518, in run_sync_in_worker_thread
    return await future
           ^^^^^^^^^^^^
  File "/Users/gyanprakash09/Developer/DE/backend/venv/lib/python3.11/site-packages/anyio/_backends/_asyncio.py", line 1002, in run
    result = context.run(func, *args)
             ^^^^^^^^^^^^^^^^^^^^^^^^
  File "/Users/gyanprakash09/Developer/DE/backend/routers/chat.py", line 80, in accept_inquiry_and_start_chat
    db.commit()
  File "/Users/gyanprakash09/Developer/DE/backend/venv/lib/python3.11/site-packages/sqlalchemy/orm/session.py", line 1972, in commit
    trans.commit(_to_root=True)
  File "<string>", line 2, in commit
  File "/Users/gyanprakash09/Developer/DE/backend/venv/lib/python3.11/site-packages/sqlalchemy/orm/state_changes.py", line 139, in _go
    ret_value = fn(self, *arg, **kw)
                ^^^^^^^^^^^^^^^^^^^^
  File "/Users/gyanprakash09/Developer/DE/backend/venv/lib/python3.11/site-packages/sqlalchemy/orm/session.py", line 1257, in commit
    self._prepare_impl()
  File "<string>", line 2, in _prepare_impl
  File "/Users/gyanprakash09/Developer/DE/backend/venv/lib/python3.11/site-packages/sqlalchemy/orm/state_changes.py", line 139, in _go
    ret_value = fn(self, *arg, **kw)
                ^^^^^^^^^^^^^^^^^^^^
  File "/Users/gyanprakash09/Developer/DE/backend/venv/lib/python3.11/site-packages/sqlalchemy/orm/session.py", line 1232, in _prepare_impl
    self.session.flush()
  File "/Users/gyanprakash09/Developer/DE/backend/venv/lib/python3.11/site-packages/sqlalchemy/orm/session.py", line 4296, in flush
    self._flush(objects)
  File "/Users/gyanprakash09/Developer/DE/backend/venv/lib/python3.11/site-packages/sqlalchemy/orm/session.py", line 4431, in _flush
    with util.safe_reraise():
  File "/Users/gyanprakash09/Developer/DE/backend/venv/lib/python3.11/site-packages/sqlalchemy/util/langhelpers.py", line 146, in __exit__
    raise exc_value.with_traceback(exc_tb)
  File "/Users/gyanprakash09/Developer/DE/backend/venv/lib/python3.11/site-packages/sqlalchemy/orm/session.py", line 4392, in _flush
    flush_context.execute()
  File "/Users/gyanprakash09/Developer/DE/backend/venv/lib/python3.11/site-packages/sqlalchemy/orm/unitofwork.py", line 466, in execute
    rec.execute(self)
  File "/Users/gyanprakash09/Developer/DE/backend/venv/lib/python3.11/site-packages/sqlalchemy/orm/unitofwork.py", line 642, in execute
    util.preloaded.orm_persistence.save_obj(
  File "/Users/gyanprakash09/Developer/DE/backend/venv/lib/python3.11/site-packages/sqlalchemy/orm/persistence.py", line 85, in save_obj
    _emit_update_statements(
  File "/Users/gyanprakash09/Developer/DE/backend/venv/lib/python3.11/site-packages/sqlalchemy/orm/persistence.py", line 912, in _emit_update_statements
    c = connection.execute(
        ^^^^^^^^^^^^^^^^^^^
  File "/Users/gyanprakash09/Developer/DE/backend/venv/lib/python3.11/site-packages/sqlalchemy/engine/base.py", line 1421, in execute
    return meth(
           ^^^^^
  File "/Users/gyanprakash09/Developer/DE/backend/venv/lib/python3.11/site-packages/sqlalchemy/sql/elements.py", line 514, in _execute_on_connection
    return connection._execute_clauseelement(
           ^^^^^^^^^^^^^^^^^^^^^^^^^^^^^^^^^^
  File "/Users/gyanprakash09/Developer/DE/backend/venv/lib/python3.11/site-packages/sqlalchemy/engine/base.py", line 1643, in _execute_clauseelement
    ret = self._execute_context(
          ^^^^^^^^^^^^^^^^^^^^^^
  File "/Users/gyanprakash09/Developer/DE/backend/venv/lib/python3.11/site-packages/sqlalchemy/engine/base.py", line 1849, in _execute_context
    return self._exec_single_context(
           ^^^^^^^^^^^^^^^^^^^^^^^^^^
  File "/Users/gyanprakash09/Developer/DE/backend/venv/lib/python3.11/site-packages/sqlalchemy/engine/base.py", line 1989, in _exec_single_context
    self._handle_dbapi_exception(
  File "/Users/gyanprakash09/Developer/DE/backend/venv/lib/python3.11/site-packages/sqlalchemy/engine/base.py", line 2356, in _handle_dbapi_exception
    raise sqlalchemy_exception.with_traceback(exc_info[2]) from e
  File "/Users/gyanprakash09/Developer/DE/backend/venv/lib/python3.11/site-packages/sqlalchemy/engine/base.py", line 1970, in _exec_single_context
    self.dialect.do_execute(
  File "/Users/gyanprakash09/Developer/DE/backend/venv/lib/python3.11/site-packages/sqlalchemy/engine/default.py", line 924, in do_execute
    cursor.execute(statement, parameters)
sqlalchemy.exc.DataError: (psycopg2.errors.InvalidTextRepresentation) invalid input value for enum inquiry_status: "accepted"
LINE 1: UPDATE inquiries SET status='accepted', updated_at=now() WHE...
                                    ^

[SQL: UPDATE inquiries SET status=%(status)s, updated_at=now() WHERE inquiries.id = %(inquiries_id)s::UUID]
[parameters: {'status': 'accepted', 'inquiries_id': UUID('1ca48300-87f4-41e0-9e57-42e4e7620f46')}]
(Background on this error at: https://sqlalche.me/e/20/9h9h)

--- POST http://localhost:8000/chat/accept-inquiry/1ca48300-87f4-41e0-9e57-42e4e7620f46 ---
Traceback (most recent call last):
  File "/Users/gyanprakash09/Developer/DE/backend/venv/lib/python3.11/site-packages/sqlalchemy/engine/base.py", line 1970, in _exec_single_context
    self.dialect.do_execute(
  File "/Users/gyanprakash09/Developer/DE/backend/venv/lib/python3.11/site-packages/sqlalchemy/engine/default.py", line 924, in do_execute
    cursor.execute(statement, parameters)
psycopg2.errors.NotNullViolation: null value in column "room_id" of relation "chat_messages" violates not-null constraint
DETAIL:  Failing row contains (ad0d6c19-ce2d-4256-89e4-859e5995e57c, null, 6ed23045-2e4b-438b-97d0-48e07b858298, hey sound cool can i buy this property, 2026-04-19 08:02:37.402465+00).


The above exception was the direct cause of the following exception:

Traceback (most recent call last):
  File "/Users/gyanprakash09/Developer/DE/backend/venv/lib/python3.11/site-packages/starlette/middleware/errors.py", line 164, in __call__
    await self.app(scope, receive, _send)
  File "/Users/gyanprakash09/Developer/DE/backend/venv/lib/python3.11/site-packages/starlette/middleware/cors.py", line 91, in __call__
    await self.simple_response(scope, receive, send, request_headers=headers)
  File "/Users/gyanprakash09/Developer/DE/backend/venv/lib/python3.11/site-packages/starlette/middleware/cors.py", line 146, in simple_response
    await self.app(scope, receive, send)
  File "/Users/gyanprakash09/Developer/DE/backend/venv/lib/python3.11/site-packages/starlette/middleware/exceptions.py", line 62, in __call__
    await wrap_app_handling_exceptions(self.app, conn)(scope, receive, send)
  File "/Users/gyanprakash09/Developer/DE/backend/venv/lib/python3.11/site-packages/starlette/_exception_handler.py", line 64, in wrapped_app
    raise exc
  File "/Users/gyanprakash09/Developer/DE/backend/venv/lib/python3.11/site-packages/starlette/_exception_handler.py", line 53, in wrapped_app
    await app(scope, receive, sender)
  File "/Users/gyanprakash09/Developer/DE/backend/venv/lib/python3.11/site-packages/starlette/routing.py", line 758, in __call__
    await self.middleware_stack(scope, receive, send)
  File "/Users/gyanprakash09/Developer/DE/backend/venv/lib/python3.11/site-packages/starlette/routing.py", line 778, in app
    await route.handle(scope, receive, send)
  File "/Users/gyanprakash09/Developer/DE/backend/venv/lib/python3.11/site-packages/starlette/routing.py", line 299, in handle
    await self.app(scope, receive, send)
  File "/Users/gyanprakash09/Developer/DE/backend/venv/lib/python3.11/site-packages/starlette/routing.py", line 79, in app
    await wrap_app_handling_exceptions(app, request)(scope, receive, send)
  File "/Users/gyanprakash09/Developer/DE/backend/venv/lib/python3.11/site-packages/starlette/_exception_handler.py", line 64, in wrapped_app
    raise exc
  File "/Users/gyanprakash09/Developer/DE/backend/venv/lib/python3.11/site-packages/starlette/_exception_handler.py", line 53, in wrapped_app
    await app(scope, receive, sender)
  File "/Users/gyanprakash09/Developer/DE/backend/venv/lib/python3.11/site-packages/starlette/routing.py", line 74, in app
    response = await func(request)
               ^^^^^^^^^^^^^^^^^^^
  File "/Users/gyanprakash09/Developer/DE/backend/venv/lib/python3.11/site-packages/fastapi/routing.py", line 278, in app
    raw_response = await run_endpoint_function(
                   ^^^^^^^^^^^^^^^^^^^^^^^^^^^^
  File "/Users/gyanprakash09/Developer/DE/backend/venv/lib/python3.11/site-packages/fastapi/routing.py", line 193, in run_endpoint_function
    return await run_in_threadpool(dependant.call, **values)
           ^^^^^^^^^^^^^^^^^^^^^^^^^^^^^^^^^^^^^^^^^^^^^^^^^
  File "/Users/gyanprakash09/Developer/DE/backend/venv/lib/python3.11/site-packages/starlette/concurrency.py", line 42, in run_in_threadpool
    return await anyio.to_thread.run_sync(func, *args)
           ^^^^^^^^^^^^^^^^^^^^^^^^^^^^^^^^^^^^^^^^^^^
  File "/Users/gyanprakash09/Developer/DE/backend/venv/lib/python3.11/site-packages/anyio/to_thread.py", line 63, in run_sync
    return await get_async_backend().run_sync_in_worker_thread(
           ^^^^^^^^^^^^^^^^^^^^^^^^^^^^^^^^^^^^^^^^^^^^^^^^^^^^
  File "/Users/gyanprakash09/Developer/DE/backend/venv/lib/python3.11/site-packages/anyio/_backends/_asyncio.py", line 2518, in run_sync_in_worker_thread
    return await future
           ^^^^^^^^^^^^
  File "/Users/gyanprakash09/Developer/DE/backend/venv/lib/python3.11/site-packages/anyio/_backends/_asyncio.py", line 1002, in run
    result = context.run(func, *args)
             ^^^^^^^^^^^^^^^^^^^^^^^^
  File "/Users/gyanprakash09/Developer/DE/backend/routers/chat.py", line 80, in accept_inquiry_and_start_chat
    db.commit()
  File "/Users/gyanprakash09/Developer/DE/backend/venv/lib/python3.11/site-packages/sqlalchemy/orm/session.py", line 1972, in commit
    trans.commit(_to_root=True)
  File "<string>", line 2, in commit
  File "/Users/gyanprakash09/Developer/DE/backend/venv/lib/python3.11/site-packages/sqlalchemy/orm/state_changes.py", line 139, in _go
    ret_value = fn(self, *arg, **kw)
                ^^^^^^^^^^^^^^^^^^^^
  File "/Users/gyanprakash09/Developer/DE/backend/venv/lib/python3.11/site-packages/sqlalchemy/orm/session.py", line 1257, in commit
    self._prepare_impl()
  File "<string>", line 2, in _prepare_impl
  File "/Users/gyanprakash09/Developer/DE/backend/venv/lib/python3.11/site-packages/sqlalchemy/orm/state_changes.py", line 139, in _go
    ret_value = fn(self, *arg, **kw)
                ^^^^^^^^^^^^^^^^^^^^
  File "/Users/gyanprakash09/Developer/DE/backend/venv/lib/python3.11/site-packages/sqlalchemy/orm/session.py", line 1232, in _prepare_impl
    self.session.flush()
  File "/Users/gyanprakash09/Developer/DE/backend/venv/lib/python3.11/site-packages/sqlalchemy/orm/session.py", line 4296, in flush
    self._flush(objects)
  File "/Users/gyanprakash09/Developer/DE/backend/venv/lib/python3.11/site-packages/sqlalchemy/orm/session.py", line 4431, in _flush
    with util.safe_reraise():
  File "/Users/gyanprakash09/Developer/DE/backend/venv/lib/python3.11/site-packages/sqlalchemy/util/langhelpers.py", line 146, in __exit__
    raise exc_value.with_traceback(exc_tb)
  File "/Users/gyanprakash09/Developer/DE/backend/venv/lib/python3.11/site-packages/sqlalchemy/orm/session.py", line 4392, in _flush
    flush_context.execute()
  File "/Users/gyanprakash09/Developer/DE/backend/venv/lib/python3.11/site-packages/sqlalchemy/orm/unitofwork.py", line 466, in execute
    rec.execute(self)
  File "/Users/gyanprakash09/Developer/DE/backend/venv/lib/python3.11/site-packages/sqlalchemy/orm/unitofwork.py", line 642, in execute
    util.preloaded.orm_persistence.save_obj(
  File "/Users/gyanprakash09/Developer/DE/backend/venv/lib/python3.11/site-packages/sqlalchemy/orm/persistence.py", line 93, in save_obj
    _emit_insert_statements(
  File "/Users/gyanprakash09/Developer/DE/backend/venv/lib/python3.11/site-packages/sqlalchemy/orm/persistence.py", line 1233, in _emit_insert_statements
    result = connection.execute(
             ^^^^^^^^^^^^^^^^^^^
  File "/Users/gyanprakash09/Developer/DE/backend/venv/lib/python3.11/site-packages/sqlalchemy/engine/base.py", line 1421, in execute
    return meth(
           ^^^^^
  File "/Users/gyanprakash09/Developer/DE/backend/venv/lib/python3.11/site-packages/sqlalchemy/sql/elements.py", line 514, in _execute_on_connection
    return connection._execute_clauseelement(
           ^^^^^^^^^^^^^^^^^^^^^^^^^^^^^^^^^^
  File "/Users/gyanprakash09/Developer/DE/backend/venv/lib/python3.11/site-packages/sqlalchemy/engine/base.py", line 1643, in _execute_clauseelement
    ret = self._execute_context(
          ^^^^^^^^^^^^^^^^^^^^^^
  File "/Users/gyanprakash09/Developer/DE/backend/venv/lib/python3.11/site-packages/sqlalchemy/engine/base.py", line 1849, in _execute_context
    return self._exec_single_context(
           ^^^^^^^^^^^^^^^^^^^^^^^^^^
  File "/Users/gyanprakash09/Developer/DE/backend/venv/lib/python3.11/site-packages/sqlalchemy/engine/base.py", line 1989, in _exec_single_context
    self._handle_dbapi_exception(
  File "/Users/gyanprakash09/Developer/DE/backend/venv/lib/python3.11/site-packages/sqlalchemy/engine/base.py", line 2356, in _handle_dbapi_exception
    raise sqlalchemy_exception.with_traceback(exc_info[2]) from e
  File "/Users/gyanprakash09/Developer/DE/backend/venv/lib/python3.11/site-packages/sqlalchemy/engine/base.py", line 1970, in _exec_single_context
    self.dialect.do_execute(
  File "/Users/gyanprakash09/Developer/DE/backend/venv/lib/python3.11/site-packages/sqlalchemy/engine/default.py", line 924, in do_execute
    cursor.execute(statement, parameters)
sqlalchemy.exc.IntegrityError: (psycopg2.errors.NotNullViolation) null value in column "room_id" of relation "chat_messages" violates not-null constraint
DETAIL:  Failing row contains (ad0d6c19-ce2d-4256-89e4-859e5995e57c, null, 6ed23045-2e4b-438b-97d0-48e07b858298, hey sound cool can i buy this property, 2026-04-19 08:02:37.402465+00).

[SQL: INSERT INTO chat_messages (id, room_id, sender_id, content) VALUES (%(id)s::UUID, %(room_id)s::UUID, %(sender_id)s::UUID, %(content)s) RETURNING chat_messages.created_at]
[parameters: {'id': UUID('ad0d6c19-ce2d-4256-89e4-859e5995e57c'), 'room_id': None, 'sender_id': UUID('6ed23045-2e4b-438b-97d0-48e07b858298'), 'content': 'hey sound cool can i buy this property'}]
(Background on this error at: https://sqlalche.me/e/20/gkpj)
